G__31991$jscomp$inline_2614:Dw
G__36523$jscomp$inline_2530:tD
G__36523__$1$jscomp$inline_2531:uD
JSCompiler_StaticMethods_addCallbackEntry_:Fx
JSCompiler_StaticMethods_addCallbacks:py
JSCompiler_StaticMethods_addChildPromise_:Ax
JSCompiler_StaticMethods_assoc_BANG_:Wi
JSCompiler_StaticMethods_cancelInternal_:Cx
JSCompiler_StaticMethods_check_:ly
JSCompiler_StaticMethods_cleanUpTimeoutTimer_:Zx
JSCompiler_StaticMethods_cleanUpXhr_:by
JSCompiler_StaticMethods_cljs$core$IMultiFn$_add_method$arity$3:Ik
JSCompiler_StaticMethods_cljs$core$IMultiFn$_get_method$arity$2:Hk
JSCompiler_StaticMethods_cljs$core$ITransientVector$_assoc_n_BANG_$arity$3:Xh
JSCompiler_StaticMethods_cljs$core$async$impl$channels$MMC$abort$arity$1:zC
JSCompiler_StaticMethods_cljs$core$async$impl$protocols$Buffer$full_QMARK_$arity$1:nC
JSCompiler_StaticMethods_containsKey:Fb
JSCompiler_StaticMethods_convert:kz
JSCompiler_StaticMethods_createInstance:Tx
JSCompiler_StaticMethods_decodeArray:rz
JSCompiler_StaticMethods_dispatchErrors_:ay
JSCompiler_StaticMethods_div:za
JSCompiler_StaticMethods_emitString:Tz
JSCompiler_StaticMethods_enforceReadOnly:rb
JSCompiler_StaticMethods_ensureKeyMapInitialized_:Db
JSCompiler_StaticMethods_entry_at:nj
JSCompiler_StaticMethods_equals:Ba
JSCompiler_StaticMethods_executeCallback_:Ex
JSCompiler_StaticMethods_fireListeners:Mx
JSCompiler_StaticMethods_fire_:ny
JSCompiler_StaticMethods_getKeyName_:Eb
JSCompiler_StaticMethods_getOptions:Px
JSCompiler_StaticMethods_getProgId_:Qx
JSCompiler_StaticMethods_getReadyState:dy
JSCompiler_StaticMethods_getResponse:hy
JSCompiler_StaticMethods_getStatus:ey
JSCompiler_StaticMethods_hasErrback_:ry
JSCompiler_StaticMethods_isSuccess:fy
JSCompiler_StaticMethods_isZero:Aa
JSCompiler_StaticMethods_markAsRemoved:Et
JSCompiler_StaticMethods_negate:va
JSCompiler_StaticMethods_onReadyStateChangeHelper_:cy
JSCompiler_StaticMethods_parseString:qz
JSCompiler_StaticMethods_popEntry_:Dx
JSCompiler_StaticMethods_removeByKey:Ht
JSCompiler_StaticMethods_resolve_:ux
JSCompiler_StaticMethods_scheduleCallbacks_:Gx
JSCompiler_StaticMethods_setQueryData:sb
JSCompiler_StaticMethods_setResponseType:Yx
JSCompiler_StaticMethods_shiftRightUnsigned:Ea
JSCompiler_StaticMethods_sval:Of
JSCompiler_StaticMethods_toNumber:ya
JSCompiler_StaticMethods_updateResult_:my
JSCompiler_inline_result$jscomp$2056:fE
JSCompiler_inline_result$jscomp$437:nD
JSCompiler_prototypeAlias:g
L 0:a
L 1:b
L 10:n
L 11:p
L 12:v
L 13:r
L 14:x
L 15:A
L 16:F
L 17:N
L 18:P
L 19:U
L 2:c
L 20:X
L 21:oa
L 22:Va
L 23:jb
L 24:Xa
L 25:ab
L 26:dd
L 27:Pc
L 28:rc
L 29:ed
L 3:d
L 30:Rf
L 31:Sf
L 32:fd
L 33:gd
L 34:yl
L 35:zl
L 36:Dg
L 37:Sh
L 38:hE
L 39:rv
L 4:e
L 40:jj
L 41:te
L 42:af
L 43:sv
L 44:kj
L 45:Qp
L 46:Al
L 47:Rp
L 48:aC
L 5:f
L 6:h
L 7:k
L 8:l
L 9:m
a$jscomp$inline_2550:gE
all_wilds_QMARK_$jscomp$inline_2610:zw
cached_hierarchy__5645__auto__$jscomp$inline_2455:JA
cljs:Hb
cljs$core:Ib
cljs$core$ArrayChunk:Qf
cljs$core$ArrayIter:pg
cljs$core$ArrayNode:Fi
cljs$core$ArrayNodeIterator:Ji
cljs$core$ArrayNodeSeq:Qi
cljs$core$Atom:Qg
cljs$core$BitmapIndexedNode:Bi
cljs$core$BitmapIndexedNode$EMPTY:Ei
cljs$core$BlackNode:bj
cljs$core$Box:vi
cljs$core$ChunkBuffer:Pf
cljs$core$ChunkedCons:Uf
cljs$core$ChunkedSeq:Ph
cljs$core$Cons:If
cljs$core$EMPTY:yg
cljs$core$ES6EntriesIterator:fi
cljs$core$ES6Iterator:Xd
cljs$core$ES6IteratorSeq:Zd
cljs$core$ES6SetEntriesIterator:gi
cljs$core$Eduction:ik
cljs$core$Empty:xg
cljs$core$EmptyList:Ff
cljs$core$ExceptionInfo:Kk
cljs$core$Fn:bc
cljs$core$HashCollisionNode:Ni
cljs$core$HashMapIter:Si
cljs$core$HashSetIter:vj
cljs$core$IAssociative:wc
cljs$core$ICollection:ic
cljs$core$IComparable:rd
cljs$core$ICounted:ec
cljs$core$IEmptyableCollection:gc
cljs$core$IEncodeClojure:ok
cljs$core$IEncodeJS:jk
cljs$core$IFind:zc
cljs$core$IFn:cc
cljs$core$IIndexed:kc
cljs$core$IIndexed$_nth$dyn_28812:mc
cljs$core$IIterable:Cd
cljs$core$IKVReduce:Tc
cljs$core$IList:$c
cljs$core$ILookup:tc
cljs$core$ILookup$_lookup$dyn_28833:vc
cljs$core$IMap:Bc
cljs$core$IMeta:Lc
cljs$core$INIT:qg
cljs$core$INext:qc
cljs$core$IPrintWithWriter:id
cljs$core$IRecord:ad
cljs$core$IReduce:Qc
cljs$core$IReduce$_reduce$dyn_28858:Sc
cljs$core$IReversible:bd
cljs$core$ISeq:nc
cljs$core$ISeqable:Xc
cljs$core$ISequential:Zc
cljs$core$ISet:Fc
cljs$core$ISwap$_swap_BANG_$dyn_28985:Ad
cljs$core$ITER_SYMBOL:Xb
cljs$core$IVector:Jc
cljs$core$IWithMeta:Nc
cljs$core$IndexedSeq:H
cljs$core$IndexedSeqIterator:re
cljs$core$IntegerRange:Ij
cljs$core$IntegerRangeChunk:Gj
cljs$core$Iterate:eh
cljs$core$KeySeq:pj
cljs$core$Keyword:E
cljs$core$LazySeq:Nf
cljs$core$List:Ce
cljs$core$List$EMPTY:Wd
cljs$core$Many:ug
cljs$core$MapEntry:ef
cljs$core$MetaFn:Ie
cljs$core$MultiFn:Fk
cljs$core$NONE:vg
cljs$core$NeverEquiv:bi
cljs$core$NodeIterator:Ai
cljs$core$NodeSeq:Oi
cljs$core$PROTOCOL_SENTINEL:t
cljs$core$PersistentArrayMap:u
cljs$core$PersistentArrayMap$EMPTY:W
cljs$core$PersistentArrayMap$HASHMAP_THRESHOLD:ni
cljs$core$PersistentArrayMap$createAsIfByAssoc:Fe
cljs$core$PersistentArrayMap$createAsIfByAssocComplexPath:ti
cljs$core$PersistentArrayMap$fromArray:pi
cljs$core$PersistentArrayMapIterator:ji
cljs$core$PersistentArrayMapSeq:ii
cljs$core$PersistentHashMap:Ti
cljs$core$PersistentHashMap$EMPTY:oi
cljs$core$PersistentHashMap$fromArrays:Vi
cljs$core$PersistentHashSet:wj
cljs$core$PersistentHashSet$EMPTY:yj
cljs$core$PersistentHashSet$createAsIfByAssoc:zj
cljs$core$PersistentQueue:$h
cljs$core$PersistentQueue$EMPTY:ai
cljs$core$PersistentQueueIter:Yh
cljs$core$PersistentQueueSeq:Zh
cljs$core$PersistentTreeMap:mj
cljs$core$PersistentTreeMapSeq:Yi
cljs$core$PersistentTreeSet:Aj
cljs$core$PersistentVector:Y
cljs$core$PersistentVector$EMPTY:Be
cljs$core$PersistentVector$EMPTY_NODE:Z
cljs$core$PersistentVector$fromArray:Kh
cljs$core$RSeq:se
cljs$core$Range:Jj
cljs$core$RangeIterator:Hj
cljs$core$RangedIterator:Bh
cljs$core$RecordIter:ei
cljs$core$RedNode:aj
cljs$core$Reduced:ee
cljs$core$Repeat:bh
cljs$core$START:rg
cljs$core$SeqIter:sg
cljs$core$Single:wg
cljs$core$StringBufferWriter:Ed
cljs$core$StringIter:og
cljs$core$Subvec:Rh
cljs$core$Symbol:Rd
cljs$core$TransformerIterator:Ag
cljs$core$TransientArrayMap:mi
cljs$core$TransientHashMap:Ui
cljs$core$TransientHashSet:xj
cljs$core$TransientVector:Fh
cljs$core$UNREALIZED_SEED:dh
cljs$core$UUID:Jk
cljs$core$ValSeq:qj
cljs$core$VectorNode:qh
cljs$core$Volatile:Ug
cljs$core$_EQ_:K
cljs$core$_STAR_print_level_STAR_:Jb
cljs$core$__destructure_map:jg
cljs$core$_add_watch:kd
cljs$core$_as_transient:nd
cljs$core$_assoc:yc
cljs$core$_assoc_BANG_:qd
cljs$core$_assoc_n:Kc
cljs$core$_chunked_first:ud
cljs$core$_chunked_rest:vd
cljs$core$_clj__GT_js:kk
cljs$core$_clone:dc
cljs$core$_compare:sd
cljs$core$_conj:jc
cljs$core$_conj_BANG_:od
cljs$core$_contains_key_QMARK_:xc
cljs$core$_count:fc
cljs$core$_deref:C
cljs$core$_disjoin:Gc
cljs$core$_dissoc:Cc
cljs$core$_drop_first:td
cljs$core$_empty:hc
cljs$core$_equiv:Vc
cljs$core$_find:Ac
cljs$core$_first:oc
cljs$core$_global_hierarchy:tk
cljs$core$_hash:Wc
cljs$core$_indexOf$cljs$0core$0IFn$0_invoke$0arity$03:M
cljs$core$_iterator:Dd
cljs$core$_js__GT_clj:pk
cljs$core$_key:Dc
cljs$core$_kv_reduce:Uc
cljs$core$_lastIndexOf$cljs$0core$0IFn$0_invoke$0arity$03:Q
cljs$core$_lookup:uc
cljs$core$_meta:Mc
cljs$core$_name:wd
cljs$core$_namespace:xd
cljs$core$_next:sc
cljs$core$_nth:lc
cljs$core$_peek:Hc
cljs$core$_persistent_BANG_:pd
cljs$core$_pop:Ic
cljs$core$_pr_writer:jd
cljs$core$_reduce:Rc
cljs$core$_remove_watch:md
cljs$core$_reset_BANG_:yd
cljs$core$_rest:pc
cljs$core$_rseq:cd
cljs$core$_seq:Yc
cljs$core$_swap_BANG_:zd
cljs$core$_val:Ec
cljs$core$_vreset_BANG_:Bd
cljs$core$_with_meta:Oc
cljs$core$_write:hd
cljs$core$aclone:Yb
cljs$core$any_QMARK_:Ub
cljs$core$apply:Je
cljs$core$apply_to:dg
cljs$core$apply_to_simple$cljs$0core$0IFn$0_invoke$0arity$03:fg
cljs$core$apply_to_simple$cljs$0core$0IFn$0_invoke$0arity$04:gg
cljs$core$apply_to_simple$cljs$0core$0IFn$0_invoke$0arity$05:hg
cljs$core$apply_to_simple$cljs$0core$0IFn$0_invoke$0arity$06:ig
cljs$core$array_QMARK_:Rb
cljs$core$array__GT_transient_hash_map:ui
cljs$core$array_copy:We
cljs$core$array_for:yh
cljs$core$array_index_of:hi
cljs$core$array_map:oj
cljs$core$array_reduce$cljs$0core$0IFn$0_invoke$0arity$02:ke
cljs$core$array_reduce$cljs$0core$0IFn$0_invoke$0arity$03:le
cljs$core$array_reduce$cljs$0core$0IFn$0_invoke$0arity$04:me
cljs$core$assoc:T
cljs$core$assoc_BANG_:cg
cljs$core$assoc_in:nh
cljs$core$async$chan$cljs$0core$0IFn$0_invoke$0arity$03:NC
cljs$core$async$fhnop:eC
cljs$core$async$impl$buffers$FixedBuffer:mC
cljs$core$async$impl$buffers$RingBuffer:lC
cljs$core$async$impl$buffers$acopy:kC
cljs$core$async$impl$channels$ManyToManyChannel:yC
cljs$core$async$impl$channels$PutBox:wC
cljs$core$async$impl$channels$box:vC
cljs$core$async$impl$channels$chan$cljs$0core$0IFn$0_invoke$0arity$03:CC
cljs$core$async$impl$channels$ex_handler:AC
cljs$core$async$impl$channels$handle:BC
cljs$core$async$impl$channels$put_active_QMARK_:xC
cljs$core$async$impl$channels$t_cljs$0core$0async$0impl$0channels32083:uC
cljs$core$async$impl$dispatch$process_messages:rC
cljs$core$async$impl$dispatch$queue_dispatcher:sC
cljs$core$async$impl$dispatch$queued_QMARK_:qC
cljs$core$async$impl$dispatch$run:tC
cljs$core$async$impl$dispatch$running_QMARK_:pC
cljs$core$async$impl$dispatch$tasks:oC
cljs$core$async$impl$ioc_helpers$put_BANG_:KC
cljs$core$async$impl$ioc_helpers$return_chan:LC
cljs$core$async$impl$ioc_helpers$run_state_machine_wrapped:IC
cljs$core$async$impl$ioc_helpers$t_cljs$0core$0async$0impl$0ioc_helpers34005:HC
cljs$core$async$impl$ioc_helpers$take_BANG_:JC
cljs$core$async$impl$protocols$active_QMARK_:gC
cljs$core$async$impl$protocols$add_BANG_:jC
cljs$core$async$impl$protocols$add_BANG__STAR_:iC
cljs$core$async$impl$protocols$close_BANG_:fC
cljs$core$async$impl$protocols$commit:hC
cljs$core$async$impl$protocols$put_BANG_:dC
cljs$core$async$impl$protocols$take_BANG_:cC
cljs$core$async$impl$timers$SkipList:GC
cljs$core$async$impl$timers$SkipListNode:DC
cljs$core$async$impl$timers$least_greater_node$cljs$0core$0IFn$0_invoke$0arity$04:FC
cljs$core$async$impl$timers$skip_list_node$cljs$0core$0IFn$0_invoke$0arity$03:EC
cljs$core$async$map$cljs$0core$0IFn$0_invoke$0arity$02:RC
cljs$core$async$map$cljs$0core$0IFn$0_invoke$0arity$03:SC
cljs$core$async$pipe$cljs$0core$0IFn$0_invoke$0arity$03:QC
cljs$core$async$put_BANG_$cljs$0core$0IFn$0_invoke$0arity$02:PC
cljs$core$async$t_cljs$0core$0async34182:MC
cljs$core$async$take_BANG_$cljs$0core$0IFn$0_invoke$0arity$03:OC
cljs$core$atom$cljs$0core$0IFn$0_invoke$0arity$01:Rg
cljs$core$balance_left:$i
cljs$core$balance_left_del:dj
cljs$core$balance_right:cj
cljs$core$balance_right_del:ej
cljs$core$bit_count:Bf
cljs$core$boolean$0:Ze
cljs$core$bounded_count:Zf
cljs$core$build_subvec:Th
cljs$core$butlast:Ej
cljs$core$char$0:yf
cljs$core$char_escapes:Tj
cljs$core$chunk:Xf
cljs$core$chunkIteratorSeq:zg
cljs$core$chunk_append:Wf
cljs$core$chunk_buffer:Tf
cljs$core$chunk_cons:Vf
cljs$core$chunked_seq:Jh
cljs$core$chunked_seq$cljs$0core$0IFn$0_invoke$0arity$04:Ih
cljs$core$chunked_seq$cljs$0core$0IFn$0_invoke$0arity$05:Qh
cljs$core$chunked_seq_QMARK_:Ue
cljs$core$ci_reduce$cljs$0core$0IFn$0_invoke$0arity$02:ie
cljs$core$ci_reduce$cljs$0core$0IFn$0_invoke$0arity$03:je
cljs$core$clj__GT_js:mk
cljs$core$clone_and_set$cljs$0core$0IFn$0_invoke$0arity$03:wi
cljs$core$coll_QMARK_:Oe
cljs$core$comp:Ig
cljs$core$compare:ff
cljs$core$compare_indexed$cljs$0core$0IFn$0_invoke$0arity$02:gf
cljs$core$compare_keywords:Jf
cljs$core$compare_symbols:Qd
cljs$core$complement:Gg
cljs$core$completing$cljs$0core$0IFn$0_invoke$0arity$02:uf
cljs$core$concat:ag
cljs$core$conj:Ae
cljs$core$conj_BANG_:bg
cljs$core$cons:ve
cljs$core$constantly:Hg
cljs$core$contains_QMARK_:cf
cljs$core$count:O
cljs$core$counted_QMARK_:ne
cljs$core$create_array_node_seq:Li
cljs$core$create_array_node_seq$cljs$0core$0IFn$0_invoke$0arity$01:Ki
cljs$core$create_array_node_seq$cljs$0core$0IFn$0_invoke$0arity$03:Ri
cljs$core$create_inode_seq:Di
cljs$core$create_inode_seq$cljs$0core$0IFn$0_invoke$0arity$01:Ci
cljs$core$create_inode_seq$cljs$0core$0IFn$0_invoke$0arity$03:Pi
cljs$core$create_node:Hi
cljs$core$create_node$cljs$0core$0IFn$0_invoke$0arity$06:Ii
cljs$core$create_node$cljs$0core$0IFn$0_invoke$0arity$07:Gi
cljs$core$create_tree_map_seq:Zi
cljs$core$dec:wf
cljs$core$deref:he
cljs$core$disj:Me
cljs$core$dissoc:Ge
cljs$core$do_assoc:zh
cljs$core$doall$cljs$0core$0IFn$0_invoke$0arity$01:Nj
cljs$core$dominates:Ck
cljs$core$dorun$cljs$0core$0IFn$0_invoke$0arity$01:Mj
cljs$core$drop$cljs$0core$0IFn$0_invoke$0arity$02:$g
cljs$core$drop_last$cljs$0core$0IFn$0_invoke$0arity$02:ah
cljs$core$edit_and_set$cljs$0core$0IFn$0_invoke$0arity$04:yi
cljs$core$empty:De
cljs$core$empty_QMARK_:Ne
cljs$core$empty_ordered_hash:ae
cljs$core$empty_unordered_hash:ce
cljs$core$equiv_map:di
cljs$core$equiv_sequential:ue
cljs$core$es6_iterator:Yd
cljs$core$es6_iterator_seq:Ud
cljs$core$even_QMARK_:Fg
cljs$core$every_QMARK_:Cg
cljs$core$ex_info$cljs$0core$0IFn$0_invoke$0arity$02:Lk
cljs$core$filter$cljs$0core$0IFn$0_invoke$0arity$01:gh
cljs$core$filter$cljs$0core$0IFn$0_invoke$0arity$02:hh
cljs$core$find:df
cljs$core$find_and_cache_best_method:Dk
cljs$core$first:I
cljs$core$fix:zf
cljs$core$fn_QMARK_:He
cljs$core$fn__GT_comparator:hf
cljs$core$frequencies:Lj
cljs$core$gensym$cljs$0core$0IFn$0_invoke$0arity$01:hk
cljs$core$gensym_counter:gk
cljs$core$get:D
cljs$core$get_global_hierarchy:uk
cljs$core$get_in$cljs$0core$0IFn$0_invoke$0arity$02:lh
cljs$core$get_in$cljs$0core$0IFn$0_invoke$0arity$03:mh
cljs$core$group_by:sk
cljs$core$hash:Od
cljs$core$hash_collision_node_find_index:Mi
cljs$core$hash_combine:Pd
cljs$core$hash_ordered_coll:$d
cljs$core$hash_string:Nd
cljs$core$hash_unordered_coll:be
cljs$core$identity:tf
cljs$core$ifn_QMARK_:$e
cljs$core$imul:Gd
cljs$core$inc:de
cljs$core$indexed_QMARK_:oe
cljs$core$inode_kv_reduce:zi
cljs$core$integer_QMARK_:bf
cljs$core$interleave:fh
cljs$core$into:jh
cljs$core$into_array$cljs$0core$0IFn$0_invoke$0arity$02:Zb
cljs$core$isa_QMARK_$cljs$0core$0IFn$0_invoke$0arity$03:yk
cljs$core$iter:tg
cljs$core$iter_reduce$cljs$0core$0IFn$0_invoke$0arity$02:pf
cljs$core$iter_reduce$cljs$0core$0IFn$0_invoke$0arity$03:qf
cljs$core$iterable_QMARK_:Td
cljs$core$js__GT_clj$cljs$0core$0IFn$0_invoke$0arity$0variadic:qk
cljs$core$juxt$cljs$0core$0IFn$0_invoke$0arity$02:mf
cljs$core$keep$cljs$0core$0IFn$0_invoke$0arity$01:Og
cljs$core$keep$cljs$0core$0IFn$0_invoke$0arity$02:Pg
cljs$core$key:Nh
cljs$core$key__GT_js$cljs$0core$0IFn$0_invoke$0arity$02:lk
cljs$core$key_test:qi
cljs$core$keys:ki
cljs$core$keyword:Lf
cljs$core$keyword_identical_QMARK_:V
cljs$core$lift_ns:dk
cljs$core$linear_traversal_nth$cljs$0core$0IFn$0_invoke$0arity$03:Ee
cljs$core$list:Hf
cljs$core$list_QMARK_:Ef
cljs$core$lookup_sentinel:Xe
cljs$core$m3_fmix:Jd
cljs$core$m3_hash_unencoded_chars:Kd
cljs$core$m3_mix_H1:Id
cljs$core$m3_mix_K1:Hd
cljs$core$map:Yg
cljs$core$map_QMARK_:Re
cljs$core$map_entry_QMARK_:Mh
cljs$core$map_indexed$cljs$0core$0IFn$0_invoke$0arity$01:Kg
cljs$core$map_indexed$cljs$0core$0IFn$0_invoke$0arity$02:Mg
cljs$core$mapv$cljs$0core$0IFn$0_invoke$0arity$02:kh
cljs$core$max:xf
cljs$core$merge:rj
cljs$core$merge_with:sj
cljs$core$meta:Le
cljs$core$missing_protocol:z
cljs$core$name:Mf
cljs$core$namespace:Kf
cljs$core$native_satisfies_QMARK_:y
cljs$core$never_equiv:ci
cljs$core$new_path:uh
cljs$core$next:J
cljs$core$next_STAR_:eg
cljs$core$nil_QMARK_:Qb
cljs$core$nil_iter:ng
cljs$core$not:Sb
cljs$core$not_EQ_$cljs$0core$0IFn$0_invoke$0arity$02:kg
cljs$core$not_empty:lg
cljs$core$nth:qe
cljs$core$nth$cljs$0core$0IFn$0_invoke$0arity$02:pe
cljs$core$nth$cljs$0core$0IFn$0_invoke$0arity$03:S
cljs$core$object_array$cljs$0core$0IFn$0_invoke$0arity$01:Yf
cljs$core$pam_grow_seed_array:si
cljs$core$pam_new_size:ri
cljs$core$parents$cljs$0core$0IFn$0_invoke$0arity$01:zk
cljs$core$partial:Jg
cljs$core$pop_tail:Ah
cljs$core$pos_QMARK_:Cf
cljs$core$pr_opts:Kb
cljs$core$pr_sequential_writer:Qj
cljs$core$pr_str_STAR_:Fd
cljs$core$pr_str_with_opts:bk
cljs$core$pr_writer:Xj
cljs$core$pr_writer_impl:Wj
cljs$core$prefers_STAR_:Bk
cljs$core$prim_seq$cljs$0core$0IFn$0_invoke$0arity$02:R
cljs$core$print_map:Yj
cljs$core$print_meta_QMARK_:Vj
cljs$core$print_prefix_map:ek
cljs$core$push_tail:vh
cljs$core$pv_clone_node:sh
cljs$core$pv_fresh_node:rh
cljs$core$pv_reduce$cljs$0core$0IFn$0_invoke$0arity$04:Dh
cljs$core$pv_reduce$cljs$0core$0IFn$0_invoke$0arity$05:Eh
cljs$core$quot:Af
cljs$core$quote_string:Uj
cljs$core$ranged_iterator:Ch
cljs$core$re_find:Pj
cljs$core$re_matches:Oj
cljs$core$record_QMARK_:Se
cljs$core$reduce:ac
cljs$core$reduce$cljs$0core$0IFn$0_invoke$0arity$02:rf
cljs$core$reduce$cljs$0core$0IFn$0_invoke$0arity$03:$b
cljs$core$reduce_kv:sf
cljs$core$reduced_QMARK_:fe
cljs$core$remove$cljs$0core$0IFn$0_invoke$0arity$02:ih
cljs$core$remove_pair:xi
cljs$core$repeat$cljs$0core$0IFn$0_invoke$0arity$01:ch
cljs$core$replace$cljs$0core$0IFn$0_invoke$0arity$02:Cj
cljs$core$reset_BANG_:Sg
cljs$core$reset_cache:Ak
cljs$core$rest:Vd
cljs$core$reverse:Gf
cljs$core$second:ze
cljs$core$select_keys:tj
cljs$core$seq:G
cljs$core$seq_QMARK_:Ye
cljs$core$seq_reduce:xe
cljs$core$seq_reduce$cljs$0core$0IFn$0_invoke$0arity$02:we
cljs$core$seq_reduce$cljs$0core$0IFn$0_invoke$0arity$03:ye
cljs$core$sequential_QMARK_:Qe
cljs$core$set:Bj
cljs$core$set_QMARK_:Pe
cljs$core$some:Eg
cljs$core$some_fn$cljs$0core$0IFn$0_invoke$0arity$03:Vg
cljs$core$sort$cljs$0core$0IFn$0_invoke$0arity$02:jf
cljs$core$sort_by$cljs$0core$0IFn$0_invoke$0arity$03:lf
cljs$core$spread:$f
cljs$core$str:B
cljs$core$string_QMARK_:Tb
cljs$core$string_hash_cache:Ld
cljs$core$string_hash_cache_count:Md
cljs$core$strip_ns:ck
cljs$core$subs$cljs$0core$0IFn$0_invoke$0arity$02:Df
cljs$core$subvec$cljs$0core$0IFn$0_invoke$0arity$03:Uh
cljs$core$swap_BANG_:Tg
cljs$core$symbol:Sd
cljs$core$t_cljs$0core27422:mg
cljs$core$tail_off:th
cljs$core$take:Zg
cljs$core$take_nth$cljs$0core$0IFn$0_invoke$0arity$02:Kj
cljs$core$throw_no_method_error:Ek
cljs$core$to_array:kf
cljs$core$transduce$cljs$0core$0IFn$0_invoke$0arity$04:vf
cljs$core$transformer_iterator:Bg
cljs$core$tree_map_add:gj
cljs$core$tree_map_append:hj
cljs$core$tree_map_kv_reduce:fj
cljs$core$tree_map_remove:ij
cljs$core$tree_map_replace:lj
cljs$core$tree_map_seq_push:Xi
cljs$core$truth_:w
cljs$core$tv_editable_root:Gh
cljs$core$tv_editable_tail:Hh
cljs$core$tv_ensure_editable:Vh
cljs$core$tv_push_tail:Wh
cljs$core$type:Vb
cljs$core$type__GT_str:Wb
cljs$core$unchecked_array_for:xh
cljs$core$unreduced:ge
cljs$core$update:ph
cljs$core$update_in:oh
cljs$core$val:Oh
cljs$core$vals:li
cljs$core$vec:Lh
cljs$core$vector:Ng
cljs$core$vector_QMARK_:Te
cljs$core$vector_index_out_of_bounds:wh
cljs$core$volatile_BANG_:Lg
cljs$core$with_meta:Ke
cljs$core$write_all$cljs$0core$0IFn$0_invoke$0arity$0variadic:Sj
cljs$core$zipmap:Fj
cljs$cst$0$flush_on_newline:Lb
cljs$cst$1$readably:Mb
cljs$cst$105$more_marker:Rj
cljs$cst$106$alt_impl:Zj
cljs$cst$107$fallback_impl:ak
cljs$cst$108$val:fk
cljs$cst$109$status:el
cljs$cst$126$keyword_fn:nk
cljs$cst$127$keywordize_keys:rk
cljs$cst$128$parents:vk
cljs$cst$129$descendants:wk
cljs$cst$130$ancestors:xk
cljs$cst$138$uuid:$k
cljs$cst$169$error:Lm
cljs$cst$170$name:Oo
cljs$cst$173$class:Ul
cljs$cst$174$style:gl
cljs$cst$175$key:Sq
cljs$cst$177$on_dispose:Fp
cljs$cst$180$auto_run:ol
cljs$cst$181$path:wm
cljs$cst$184$on_set:Vn
cljs$cst$185$no_cache:dl
cljs$cst$193$shouldComponentUpdate:Fl
cljs$cst$194$componentWillUnmount:io
cljs$cst$195$reagentRender:Zl
cljs$cst$196$render:qm
cljs$cst$197$displayName:Hp
cljs$cst$198$cljsLegacyRender:$m
cljs$cst$199$childContextTypes:Hl
cljs$cst$2$meta:Nb
cljs$cst$200$contextTypes:wp
cljs$cst$201$contextType:Fn
cljs$cst$202$getDerivedStateFromProps:sl
cljs$cst$203$getDerivedStateFromError:Xp
cljs$cst$204$getInitialState:Do
cljs$cst$205$constructor:al
cljs$cst$206$reagent_render:ip
cljs$cst$207$on_write:ao
cljs$cst$208$display_name:vq
cljs$cst$209$component_did_update:Yo
cljs$cst$210$component_will_unmount:Ol
cljs$cst$213$id:Cn
cljs$cst$214$className:lo
cljs$cst$220$function_components:dn
cljs$cst$221$parse_tag:tl
cljs$cst$222$compiler:fq
cljs$cst$223$callback:bq
cljs$cst$224$type:Tq
cljs$cst$225$data:Cl
cljs$cst$226$hierarchy:Go
cljs$cst$227$default:Gk
cljs$cst$228$reitit_DOT_exception_SLASH_cause:Tp
cljs$cst$229$path_conflicts:np
cljs$cst$230$conflicting:am
cljs$cst$231$name_conflicts:Zm
cljs$cst$232$reitit_DOT_impl_SLASH_merge_data:Vp
cljs$cst$233$displace:Aq
cljs$cst$234$replace:uq
cljs$cst$235$top_displace:Vo
cljs$cst$236$prepend:mm
cljs$cst$237$value:tn
cljs$cst$238$params:nm
cljs$cst$241$children:Xl
cljs$cst$242$wilds:ll
cljs$cst$243$catch_all:pq
cljs$cst$247$syntax:Un
cljs$cst$248$colon:Jp
cljs$cst$249$bracket:mp
cljs$cst$250$reitit_DOT_trie_SLASH_unclosed_brackets:ro
cljs$cst$251$reitit_DOT_trie_SLASH_following_parameters:nn
cljs$cst$252$parameters:Pp
cljs$cst$266$reitit_DOT_trie_SLASH_parameters:en
cljs$cst$267$reitit_DOT_trie_SLASH_multiple_terminators:An
cljs$cst$268$terminators:Tn
cljs$cst$269$reitit_DOT_impl_SLASH_accumulator:nq
cljs$cst$270$path_params:eo
cljs$cst$271$path_parts:sq
cljs$cst$272$routes:zp
cljs$cst$273$expand:tp
cljs$cst$274$meta_merge:rl
cljs$cst$275$update_paths:km
cljs$cst$276$left:Pk
cljs$cst$277$right:hl
cljs$cst$278$exception:Hq
cljs$cst$279$coerce:ul
cljs$cst$280$compile:iq
cljs$cst$281$required:vl
cljs$cst$282$handler:zm
cljs$cst$283$template:cr
cljs$cst$284$result:jq
cljs$cst$3$dup:Ob
cljs$cst$300$reitit_DOT_trie_SLASH_trie_compiler:Gl
cljs$cst$301$reitit_DOT_core_SLASH_router:ep
cljs$cst$331$reitit_DOT_core_SLASH_path_conflicting:on
cljs$cst$332$lookup:up
cljs$cst$333$conflicts:Yk
cljs$cst$334$router:Dp
cljs$cst$335$validate:fp
cljs$cst$336$in:Hn
cljs$cst$337$keywordize_QMARK_:$q
cljs$cst$338$open_QMARK_:Cq
cljs$cst$343$query:Tm
cljs$cst$344$query_params:bo
cljs$cst$345$string:Vk
cljs$cst$346$body:zo
cljs$cst$347$body_params:gm
cljs$cst$348$form:Um
cljs$cst$349$form_params:dp
cljs$cst$350$header:mo
cljs$cst$351$headers:kq
cljs$cst$352$fragment:Sm
cljs$cst$354$coercion:ql
cljs$cst$355$request:Gq
cljs$cst$358$format:Qo
cljs$cst$359$muuntaja_SLASH_request:po
cljs$cst$360$reitit_DOT_coercion_SLASH_extract_request_format:Bp
cljs$cst$361$reitit_DOT_coercion_SLASH_parameter_coercion:Gp
cljs$cst$362$reitit_DOT_coercion_SLASH_serialize_failed_result:to
cljs$cst$363$reitit_DOT_coercion_SLASH_skip:Il
cljs$cst$369$on_coercion_error:Mq
cljs$cst$370$missing:Ym
cljs$cst$371$on_navigate:Pq
cljs$cst$372$popstate_listener:Ko
cljs$cst$373$hashchange_listener:dr
cljs$cst$374$last_fragment:Lo
cljs$cst$380$listen_key:vp
cljs$cst$381$click_listen_key:Eo
cljs$cst$382$ignore_anchor_click_QMARK_:xq
cljs$cst$385$use_fragment:Wn
cljs$cst$386$dashboard:Ro
cljs$cst$387$title:sm
cljs$cst$388$players:fm
cljs$cst$389$player_detail:xm
cljs$cst$390$matches:Oq
cljs$cst$391$match_new:Mo
cljs$cst$392$championships:Gm
cljs$cst$393$championship_detail:Nl
cljs$cst$394$not_found:ln
cljs$cst$395$matches_loading_QMARK_:hq
cljs$cst$396$matches_loaded_QMARK_:Iq
cljs$cst$397$championships_loading_QMARK_:Pl
cljs$cst$398$authenticated:Ep
cljs$cst$399$players_error:wq
cljs$cst$4$print_length:Pb
cljs$cst$400$players_loading_QMARK_:Zk
cljs$cst$401$dashboard_loaded_QMARK_:nl
cljs$cst$402$dashboard_error:Mp
cljs$cst$403$teams:fl
cljs$cst$404$auth_checked_QMARK_:bn
cljs$cst$405$token:Nk
cljs$cst$406$dashboard_loading_QMARK_:Zn
cljs$cst$407$championships_error:oq
cljs$cst$408$loading:Bn
cljs$cst$409$dashboard_stats:un
cljs$cst$410$matches_error:pp
cljs$cst$411$players_loaded_QMARK_:wn
cljs$cst$412$user:il
cljs$cst$413$championships_loaded_QMARK_:So
cljs$cst$414$auth_loading_QMARK_:pm
cljs$cst$415$loading_QMARK_:Jm
cljs$cst$416$loaded_QMARK_:Yn
cljs$cst$417$a:vo
cljs$cst$418$href:Xq
cljs$cst$419$padding:zq
cljs$cst$420$text_decoration:kl
cljs$cst$421$color:Ip
cljs$cst$422$margin_right:Ho
cljs$cst$423$username:gq
cljs$cst$424$email:Zo
cljs$cst$425$background_color:Qm
cljs$cst$426$border_bottom:Em
cljs$cst$427$margin_bottom:er
cljs$cst$428$h1:El
cljs$cst$429$margin:Up
cljs$cst$430$nav:Im
cljs$cst$431$span:Nq
cljs$cst$432$float:Nm
cljs$cst$433$footer:tm
cljs$cst$434$margin_top:jl
cljs$cst$435$border_top:Qk
cljs$cst$436$text_align:zn
cljs$cst$437$div:mn
cljs$cst$438$max_width:Kq
cljs$cst$439$border:No
cljs$cst$440$border_radius:Km
cljs$cst$441$button:Qq
cljs$cst$442$on_click:Wm
cljs$cst$443$margin_left:so
cljs$cst$444$main:uo
cljs$cst$446$div_DOT_error:Kn
cljs$cst$447$on_row_click:Vm
cljs$cst$448$row_data:qn
cljs$cst$449$table:Ao
cljs$cst$450$width:Bl
cljs$cst$451$border_collapse:Yq
cljs$cst$452$thead:Lp
cljs$cst$453$tr:jp
cljs$cst$454$th:hp
cljs$cst$455$tbody:go
cljs$cst$456$cursor:Qn
cljs$cst$457$td:bp
cljs$cst$458$disabled:Kp
cljs$cst$459$opacity:im
cljs$cst$460$placeholder:Yp
cljs$cst$461$label:Wo
cljs$cst$462$display:Cp
cljs$cst$463$input:Lq
cljs$cst$464$on_change:Fm
cljs$cst$465$select:Pn
cljs$cst$466$option:em
cljs$cst$467$handlers:cq
cljs$cst$468$array_builder:eq
cljs$cst$469$arrayBuilder:Po
cljs$cst$47$validator:$p
cljs$cst$470$map_builder:Gn
cljs$cst$471$mapBuilder:qp
cljs$cst$472$prefer_strings:wl
cljs$cst$473$preferStrings:Ap
cljs$cst$474$prefer_buffers:ym
cljs$cst$475$preferBuffers:xo
cljs$cst$498$nil:Mk
cljs$cst$499$strable:bm
cljs$cst$500$vector:Zp
cljs$cst$501$list:gn
cljs$cst$502$map:om
cljs$cst$503$set:In
cljs$cst$504$reader_exception:Wk
cljs$cst$505$ex_kind:cm
cljs$cst$506$file:sn
cljs$cst$507$line:Sk
cljs$cst$508$col:dm
cljs$cst$509$reader_error:Bq
cljs$cst$510$illegal_argument:ap
cljs$cst$511$eof:Om
cljs$cst$513$character:tq
cljs$cst$514$column:Dm
cljs$cst$517$symbol:Jq
cljs$cst$518$_SLASH_:Xn
cljs$cst$519$keyword:vn
cljs$cst$520$NaN:xn
cljs$cst$521$_Inf:Xm
cljs$cst$522$Inf:Tl
cljs$cst$545$namespaced_map:Fq
cljs$cst$548$readers:um
cljs$cst$549$inst:lp
cljs$cst$550$queue:Nn
cljs$cst$551$js:Xk
cljs$cst$553$http:Sl
cljs$cst$559$scheme:jn
cljs$cst$560$password:cn
cljs$cst$561$server_name:Rk
cljs$cst$562$server_port:co
cljs$cst$563$uri:rm
cljs$cst$564$query_string:fr
cljs$cst$580$recur:lq
cljs$cst$619$jsonp:aq
cljs$cst$620$array_buffer:Rn
cljs$cst$621$blob:Kl
cljs$cst$622$document:op
cljs$cst$623$text:On
cljs$cst$624$with_credentials_QMARK_:Hm
cljs$cst$625$default_headers:Rm
cljs$cst$626$response_type:Np
cljs$cst$627$timeout:qq
cljs$cst$628$no_error:Bo
cljs$cst$629$abort:rp
cljs$cst$630$access_denied:xp
cljs$cst$631$custom_error:dq
cljs$cst$632$http_error:Jn
cljs$cst$633$ff_silent_error:Ql
cljs$cst$634$file_not_found:yq
cljs$cst$635$offline:Mn
cljs$cst$636$request_method:Wp
cljs$cst$637$cancel:br
cljs$cst$638$progress:kp
cljs$cst$639$get:yp
cljs$cst$640$success:Rl
cljs$cst$641$trace_redirects:Mm
cljs$cst$642$error_code:hm
cljs$cst$643$error_text:Dq
cljs$cst$644$direction:qo
cljs$cst$645$loaded:ml
cljs$cst$646$total:Wq
cljs$cst$647$upload:Op
cljs$cst$648$download:Ok
cljs$cst$649$callback_name:$n
cljs$cst$650$keywordize_keys_QMARK_:gp
cljs$cst$651$head:jo
cljs$cst$652$edn_params:oo
cljs$cst$653$accept:jm
cljs$cst$654$content_type:ar
cljs$cst$655$encoding:Tk
cljs$cst$656$json:Pm
cljs$cst$657$encoding_opts:mq
cljs$cst$658$decoding:Io
cljs$cst$659$decoding_opts:Sn
cljs$cst$660$transit_params:$l
cljs$cst$661$transit_opts:Dn
cljs$cst$662$json_params:ko
cljs$cst$663$patch:Xo
cljs$cst$664$delete:vm
cljs$cst$665$post:fn
cljs$cst$666$put:Sp
cljs$cst$667$multipart_params:Uq
cljs$cst$668$method:Uk
cljs$cst$669$url:Wl
cljs$cst$670$basic_auth:Co
cljs$cst$671$oauth_token:Am
cljs$cst$672$channel:Jo
cljs$cst$675$message:pl
cljs$cst$676$in_flight:cl
cljs$cst$677$force_QMARK_:En
cljs$cst$678$auth:yo
cljs$cst$679$h2:Ll
cljs$cst$680$p:ho
cljs$cst$681$h3:Jl
cljs$cst$682$championship_name:Rq
cljs$cst$683$championship_format:bl
cljs$cst$684$matches_count:pn
cljs$cst$685$players_count:kn
cljs$cst$686$total_goals:To
cljs$cst$687$top_goals:Fo
cljs$cst$688$aggregated_stats:rn
cljs$cst$689$goals:Eq
cljs$cst$690$games:cp
cljs$cst$691$top_assists:fo
cljs$cst$692$assists:wo
cljs$cst$693$_id:Dl
cljs$cst$694$nickname:lm
cljs$cst$695$position:Zq
cljs$cst$696$component_did_mount:$o
cljs$cst$697$h4:Ml
cljs$cst$698$ul:no
cljs$cst$699$li:yn
cljs$cst$700$by_championship:an
cljs$cst$701$br:Bm
cljs$cst$702$date:xl
cljs$cst$703$opponent:rq
cljs$cst$704$venue:Yl
cljs$cst$705$championship_id:Cm
cljs$cst$706$player_statistics:hn
cljs$cst$707$player_id:Vl
cljs$cst$708$minutes_played:Ln
cljs$cst$709$on_submit:sp
cljs$cst$710$season:Vq
cljs$cst$78$tag:Uo
cljs$cst$98$cljs_DOT_core_SLASH_not_found:uj
cljs$reader$_STAR_default_data_reader_fn_STAR_:OB
cljs$reader$_STAR_tag_table_STAR_:PB
cljs$reader$check:MB
cljs$reader$days_in_month:JB
cljs$reader$parse_and_validate_timestamp:NB
cljs$reader$parse_int:LB
cljs$reader$read_string:QB
cljs$reader$timestamp_regex:KB
cljs$tools$reader$edn$dispatch_macros:kB
cljs$tools$reader$edn$escape_char:yB
cljs$tools$reader$edn$macro_terminating_QMARK_:fB
cljs$tools$reader$edn$macros:gB
cljs$tools$reader$edn$not_constituent_QMARK_:hB
cljs$tools$reader$edn$read:tB
cljs$tools$reader$edn$read$cljs$0core$0IFn$0_invoke$0arity$02:HB
cljs$tools$reader$edn$read$cljs$0core$0IFn$0_invoke$0arity$04:sB
cljs$tools$reader$edn$read_char_STAR_:pB
cljs$tools$reader$edn$read_delimited:rB
cljs$tools$reader$edn$read_discard:EB
cljs$tools$reader$edn$read_dispatch:jB
cljs$tools$reader$edn$read_keyword:BB
cljs$tools$reader$edn$read_list:uB
cljs$tools$reader$edn$read_map:wB
cljs$tools$reader$edn$read_meta:CB
cljs$tools$reader$edn$read_namespaced_map:FB
cljs$tools$reader$edn$read_number:xB
cljs$tools$reader$edn$read_set:DB
cljs$tools$reader$edn$read_string$cljs$0core$0IFn$0_invoke$0arity$02:IB
cljs$tools$reader$edn$read_string_STAR_:zB
cljs$tools$reader$edn$read_symbol:AB
cljs$tools$reader$edn$read_symbolic_value:GB
cljs$tools$reader$edn$read_tagged:lB
cljs$tools$reader$edn$read_token$cljs$0core$0IFn$0_invoke$0arity$04:iB
cljs$tools$reader$edn$read_unicode_char$cljs$0core$0IFn$0_invoke$0arity$04:nB
cljs$tools$reader$edn$read_unicode_char$cljs$0core$0IFn$0_invoke$0arity$05:oB
cljs$tools$reader$edn$read_unmatched_delimiter:mB
cljs$tools$reader$edn$read_vector:vB
cljs$tools$reader$edn$starting_line_col_info:qB
cljs$tools$reader$impl$commons$float_pattern:$A
cljs$tools$reader$impl$commons$int_pattern:YA
cljs$tools$reader$impl$commons$match_number:bB
cljs$tools$reader$impl$commons$matches_QMARK_:aB
cljs$tools$reader$impl$commons$parse_symbol:cB
cljs$tools$reader$impl$commons$ratio_pattern:ZA
cljs$tools$reader$impl$commons$read_comment:dB
cljs$tools$reader$impl$commons$read_past:XA
cljs$tools$reader$impl$commons$throwing_reader:eB
cljs$tools$reader$impl$errors$duplicate_keys_error:VA
cljs$tools$reader$impl$errors$eof_error$cljs$0core$0IFn$0_invoke$0arity$0variadic:OA
cljs$tools$reader$impl$errors$illegal_arg_error$cljs$0core$0IFn$0_invoke$0arity$0variadic:NA
cljs$tools$reader$impl$errors$reader_error$cljs$0core$0IFn$0_invoke$0arity$0variadic:MA
cljs$tools$reader$impl$errors$throw_bad_char:RA
cljs$tools$reader$impl$errors$throw_bad_octal_number:UA
cljs$tools$reader$impl$errors$throw_dup_keys:WA
cljs$tools$reader$impl$errors$throw_eof_reading$cljs$0core$0IFn$0_invoke$0arity$0variadic:SA
cljs$tools$reader$impl$errors$throw_ex$cljs$0core$0IFn$0_invoke$0arity$0variadic:LA
cljs$tools$reader$impl$errors$throw_invalid:QA
cljs$tools$reader$impl$errors$throw_invalid_unicode_digit:TA
cljs$tools$reader$impl$errors$throw_odd_map:PA
cljs$tools$reader$impl$inspect$inspect_STAR_:FA
cljs$tools$reader$impl$inspect$inspect_STAR__col:EA
cljs$tools$reader$impl$utils$char_code:uA
cljs$tools$reader$impl$utils$namespace_keys:tA
cljs$tools$reader$impl$utils$numeric_QMARK_:sA
cljs$tools$reader$impl$utils$whitespace_QMARK_:rA
cljs$tools$reader$impl$utils$ws_rx:qA
cljs$tools$reader$reader_types$PushbackReader:CA
cljs$tools$reader$reader_types$StringReader:BA
cljs$tools$reader$reader_types$get_column_number:zA
cljs$tools$reader$reader_types$get_file_name:AA
cljs$tools$reader$reader_types$get_line_number:yA
cljs$tools$reader$reader_types$indexing_reader_QMARK_:DA
cljs$tools$reader$reader_types$peek_char:wA
cljs$tools$reader$reader_types$read_char:vA
cljs$tools$reader$reader_types$unread:xA
cljs_http$client$acc_param:$C
cljs_http$client$decode_body:fD
cljs_http$client$default_transit_opts:jD
cljs_http$client$encode_param:eD
cljs_http$client$encode_val:cD
cljs_http$client$encode_vals:dD
cljs_http$client$parse_query_params:aD
cljs_http$client$parse_url:bD
cljs_http$client$regex_char_esc_smap:Dj
cljs_http$client$request:lD
cljs_http$client$wrap_accept$cljs$0core$0IFn$0_invoke$0arity$0variadic:hD
cljs_http$client$wrap_basic_auth$cljs$0core$0IFn$0_invoke$0arity$0variadic:kD
cljs_http$client$wrap_content_type$cljs$0core$0IFn$0_invoke$0arity$0variadic:iD
cljs_http$client$wrap_default_headers$cljs$0core$0IFn$0_invoke$0arity$0variadic:gD
cljs_http$core$apply_default_headers_BANG_:UC
cljs_http$core$apply_response_type_BANG_:VC
cljs_http$core$build_xhr:WC
cljs_http$core$error_kw:XC
cljs_http$core$jsonp:ZC
cljs_http$core$pending_requests:TC
cljs_http$core$xhr:YC
cljs_http$util$build_headers:ZB
cljs_http$util$build_url:XB
cljs_http$util$camelize:YB
cljs_http$util$json_decode:$B
cljs_http$util$parse_headers:bC
clojure$set$difference:Vr
clojure$set$rename_keys:Wr
clojure$string$capitalize:pr
clojure$string$index_of$cljs$0core$0IFn$0_invoke$0arity$02:sr
clojure$string$index_of$cljs$0core$0IFn$0_invoke$0arity$03:tr
clojure$string$join$cljs$0core$0IFn$0_invoke$0arity$02:or
clojure$string$replace:nr
clojure$string$replace_all:lr
clojure$string$replace_with:mr
clojure$string$split$cljs$0core$0IFn$0_invoke$0arity$02:qr
clojure$string$trim:rr
clojure$walk$keywordize_keys:wr
clojure$walk$postwalk:vr
clojure$walk$walk:ur
cognitect$transit$KeywordHandler:gA
cognitect$transit$ListHandler:iA
cognitect$transit$MapBuilder:dA
cognitect$transit$MapHandler:jA
cognitect$transit$SetHandler:kA
cognitect$transit$SymbolHandler:hA
cognitect$transit$UUIDHandler:mA
cognitect$transit$VectorBuilder:eA
cognitect$transit$VectorHandler:lA
cognitect$transit$WithMeta:nA
cognitect$transit$WithMetaHandler:oA
cognitect$transit$opts_merge:cA
cognitect$transit$reader$cljs$0core$0IFn$0_invoke$0arity$02:fA
cognitect$transit$writer$cljs$0core$0IFn$0_invoke$0arity$02:pA
com$cognitect$transit$caching$ReadCache:Ly
com$cognitect$transit$caching$WriteCache:Ky
com$cognitect$transit$caching$idxToCode:Jy
com$cognitect$transit$caching$isCacheable:Iy
com$cognitect$transit$eq$equals:Ny
com$cognitect$transit$eq$hashArrayLike:Ty
com$cognitect$transit$eq$hashCode:Sy
com$cognitect$transit$eq$hashCodeCounter:My
com$cognitect$transit$eq$hashCombine:Oy
com$cognitect$transit$eq$hashMapLike:Ry
com$cognitect$transit$eq$stringCodeCache:Py
com$cognitect$transit$eq$stringCodeCacheSize:Qy
com$cognitect$transit$handlers$ArrayHandler:Ez
com$cognitect$transit$handlers$BooleanHandler:Dz
com$cognitect$transit$handlers$BufferHandler:Pz
com$cognitect$transit$handlers$DateHandler:Hz
com$cognitect$transit$handlers$Handlers:Rz
com$cognitect$transit$handlers$IntegerHandler:Cz
com$cognitect$transit$handlers$KeywordHandler:Jz
com$cognitect$transit$handlers$MapHandler:Fz
com$cognitect$transit$handlers$NilHandler:zz
com$cognitect$transit$handlers$NumberHandler:Bz
com$cognitect$transit$handlers$StringHandler:Az
com$cognitect$transit$handlers$SymbolHandler:Kz
com$cognitect$transit$handlers$TaggedHandler:Lz
com$cognitect$transit$handlers$TransitArrayMapHandler:Nz
com$cognitect$transit$handlers$TransitMapHandler:Oz
com$cognitect$transit$handlers$TransitSetHandler:Mz
com$cognitect$transit$handlers$UUIDHandler:Iz
com$cognitect$transit$handlers$Uint8ArrayHandler:Qz
com$cognitect$transit$handlers$VerboseDateHandler:Gz
com$cognitect$transit$handlers$ctorGuid:uz
com$cognitect$transit$handlers$ctorGuidProperty:wz
com$cognitect$transit$handlers$padZeros:yz
com$cognitect$transit$handlers$typeTag:xz
com$cognitect$transit$impl$decoder$Decoder:pz
com$cognitect$transit$impl$decoder$Tag:oz
com$cognitect$transit$impl$reader$JSONUnmarshaller:sz
com$cognitect$transit$impl$reader$Reader:tz
com$cognitect$transit$impl$writer$JSONMarshaller:Sz
com$cognitect$transit$impl$writer$Writer:$z
com$cognitect$transit$impl$writer$emitMap:Zz
com$cognitect$transit$impl$writer$emitObjects:Uz
com$cognitect$transit$impl$writer$isForeignObject:Yz
com$cognitect$transit$impl$writer$isStringableKey:Wz
com$cognitect$transit$impl$writer$marshal:Vz
com$cognitect$transit$impl$writer$stringableKeys:Xz
com$cognitect$transit$reader:aA
com$cognitect$transit$types$ITERATOR:Uy
com$cognitect$transit$types$Keyword:Zy
com$cognitect$transit$types$MAX_INT:Xy
com$cognitect$transit$types$MIN_INT:Yy
com$cognitect$transit$types$Symbol:$y
com$cognitect$transit$types$TaggedValue:Vy
com$cognitect$transit$types$TransitArrayMap:gz
com$cognitect$transit$types$TransitArrayMapIterator:cz
com$cognitect$transit$types$TransitMap:fz
com$cognitect$transit$types$TransitMapIterator:dz
com$cognitect$transit$types$TransitSet:mz
com$cognitect$transit$types$UUID:bz
com$cognitect$transit$types$hexFor:az
com$cognitect$transit$types$map:lz
com$cognitect$transit$types$mapEquals:ez
com$cognitect$transit$types$print:hz
com$cognitect$transit$types$printMap:iz
com$cognitect$transit$types$printSet:jz
com$cognitect$transit$types$set:nz
com$cognitect$transit$types$taggedValue:Wy
com$cognitect$transit$util$isArray:Gy
com$cognitect$transit$util$objectKeys:Fy
com$cognitect$transit$util$randHex:Hy
com$cognitect$transit$writer:bA
compiled_routes$jscomp$inline_2608:xw
conflicts$jscomp$inline_2604:vw
e$jscomp$inline_2615:Ew
fexpr__31984$jscomp$inline_2617:Fw
fn_to_element$jscomp$inline_1233:gt
galaticos$api$api_base_url:rD
galaticos$api$auth_token:pD
galaticos$api$check_auth:CD
galaticos$api$create_match:GD
galaticos$api$default_opts:zD
galaticos$api$extract_error:xD
galaticos$api$get_championship:ED
galaticos$api$get_dashboard_stats:HD
galaticos$api$get_matches:FD
galaticos$api$get_player:DD
galaticos$api$get_request:AD
galaticos$api$handle_response:yD
galaticos$api$post_request:BD
galaticos$api$safe_local_storage:mD
galaticos$api$set_token_BANG_:qD
galaticos$api$success_statuses:wD
galaticos$components$championships$championship_detail:aE
galaticos$components$championships$championship_list:$D
galaticos$components$common$button:Vw
galaticos$components$common$error_message:Tw
galaticos$components$common$input_field:Ww
galaticos$components$common$select_field:Xw
galaticos$components$common$table:Uw
galaticos$components$dashboard$dashboard:VD
galaticos$components$layout$footer:Rw
galaticos$components$layout$header:Qw
galaticos$components$layout$layout:Sw
galaticos$components$layout$nav_link:Pw
galaticos$components$matches$match_form:ZD
galaticos$components$matches$match_list:YD
galaticos$components$players$player_detail:XD
galaticos$components$players$player_list:WD
galaticos$core$app:ot
galaticos$core$current_match:bE
galaticos$core$current_page:eE
galaticos$core$not_found_page:cE
galaticos$core$unauthenticated_page:dE
galaticos$effects$ensure_auth_BANG_:TD
galaticos$effects$ensure_championships_BANG_:PD
galaticos$effects$ensure_championships_BANG_$cljs$0core$0IFn$0_invoke$0arity$0variadic:QD
galaticos$effects$ensure_dashboard_BANG_:LD
galaticos$effects$ensure_dashboard_BANG_$cljs$0core$0IFn$0_invoke$0arity$0variadic:MD
galaticos$effects$ensure_matches_BANG_:RD
galaticos$effects$ensure_matches_BANG_$cljs$0core$0IFn$0_invoke$0arity$0variadic:SD
galaticos$effects$ensure_players_BANG_:ND
galaticos$effects$ensure_players_BANG_$cljs$0core$0IFn$0_invoke$0arity$0variadic:OD
galaticos$effects$guarded_fetch_BANG_:KD
galaticos$effects$in_flight_QMARK_:JD
galaticos$effects$on_route_BANG_:UD
galaticos$effects$requests_in_flight:ID
galaticos$routes$href:Gw
galaticos$routes$router:ow
galaticos$state$app_state:Hw
galaticos$state$resource_keys:Iw
galaticos$state$set_championships_BANG_:Mw
galaticos$state$set_dashboard_stats_BANG_:Ow
galaticos$state$set_matches_BANG_:Nw
galaticos$state$set_players_BANG_:Lw
galaticos$state$set_resource_error_BANG_:Kw
galaticos$state$set_resource_loading_BANG_:Jw
goog:aa
goog$Disposable:pt
goog$Disposable$MonitoringMode$OFF:qt
goog$Promise:sx
goog$Promise$CallbackEntry_:xx
goog$Promise$CancellationError:Bx
goog$Promise$State_$FULFILLED:vx
goog$Promise$State_$PENDING:tx
goog$Promise$State_$REJECTED:wx
goog$Promise$addUnhandledRejection_:Ix
goog$Promise$freelist_:yx
goog$Promise$getCallbackEntry_:zx
goog$Promise$handleRejection_:Kx
goog$Promise$invokeCallback_:Jx
goog$Promise$tryThen_:Hx
goog$Timer$callOnce:Nx
goog$UID_PROPERTY_:fa
goog$Uri:qb
goog$Uri$QueryData:ub
goog$Uri$decodeOrEmpty_:tb
goog$Uri$encodeChar_:Cb
goog$Uri$encodeSpecialChars_:vb
goog$Uri$parse:Bb
goog$Uri$reDisallowedInAbsolutePath_:xb
goog$Uri$reDisallowedInFragment_:zb
goog$Uri$reDisallowedInQuery_:Ab
goog$Uri$reDisallowedInRelativePath_:yb
goog$Uri$reDisallowedInSchemeOrUserInfo_:wb
goog$async$Deferred:iy
goog$async$Deferred$AlreadyCalledError:oy
goog$async$Deferred$CONVERTED_TO_PROMISE_:qy
goog$async$Deferred$CanceledError:ky
goog$async$Deferred$Error_:ty
goog$async$Deferred$errorMap_:sy
goog$async$nextTick:ix
goog$async$nextTick$getNextTickImpl_:kx
goog$async$nextTick$nextTickImpl:jx
goog$bind:ka
goog$bindJs_:ja
goog$bindNative_:ia
goog$crypt$base64$HAS_NATIVE_ENCODE_:TB
goog$crypt$base64$byteToCharMaps_:RB
goog$crypt$base64$charToByteMap_:SB
goog$dom$DIRECT_ATTRIBUTE_MAP_:dx
goog$dom$DomHelper:hx
goog$dom$append_:ex
goog$dom$createElement_:fx
goog$dom$removeNode:gx
goog$dom$safe$NONCE_PATTERN_:hb
goog$dom$safe$setScriptSrc:gb
goog$dom$setProperties:cx
goog$events$BrowserEvent:zt
goog$events$BrowserEvent$IE_POINTER_TYPE_MAP:At
goog$events$BrowserFeature$PASSIVE_EVENTS:st
goog$events$Event:rt
goog$events$EventTarget:Lx
goog$events$LISTENER_MAP_PROP_:It
goog$events$LISTENER_WRAPPER_PROP_:Vt
goog$events$Listenable$IMPLEMENTED_BY_PROP:Bt
goog$events$ListenableKey$counter_:Ct
goog$events$Listener:Dt
goog$events$ListenerMap:Ft
goog$events$ListenerMap$findListenerIndex_:Gt
goog$events$getListenerMap_:Pt
goog$events$getOnString_:Rt
goog$events$getProxy:Qt
goog$events$handleBrowserEvent_:St
goog$events$listen:Lt
goog$events$listenOnce:Mt
goog$events$listen_:Ot
goog$events$listenerCountEstimate_:Kt
goog$events$onStringMap_:Jt
goog$events$unlisten:Tt
goog$events$unlistenByKey:Ut
goog$events$wrapListener:Nt
goog$functions$UNDEFINED:Fa
goog$getUid:ea
goog$global:ba
goog$html$TrustedResourceUrl:Ia
goog$html$TrustedResourceUrl$CONSTRUCTOR_TOKEN_PRIVATE_:Ha
goog$html$TrustedResourceUrl$URL_PARAM_PARSER_:Ka
goog$html$TrustedResourceUrl$stringifyParams_:La
goog$html$TrustedResourceUrl$unwrapTrustedScriptURL:Ja
goog$html$trustedtypes$cachedPolicy_:Ga
goog$identity_:ma
goog$inherits:la
goog$isArrayLike:ca
goog$isObject:da
goog$net$DefaultXmlHttpFactory:Sx
goog$net$Jsonp:Ay
goog$net$Jsonp$cleanup_:Ey
goog$net$Jsonp$newErrorHandler_:Dy
goog$net$Jsonp$newReplyHandler_:Cy
goog$net$Jsonp$scriptCounter_:By
goog$net$XhrIo:Ux
goog$net$XhrIo$HTTP_SCHEME_PATTERN:Wx
goog$net$XhrIo$METHODS_WITH_FORM_DATA:Xx
goog$net$XhrIo$ResponseType$DEFAULT:Vx
goog$net$XhrIo$buildProgressEvent_:gy
goog$net$XhrIo$shouldUseXhr2Timeout_:$x
goog$net$XmlHttp$factory_:Rx
goog$net$XmlHttpFactory:Ox
goog$net$jsloader$Error:wy
goog$net$jsloader$ErrorCode$LOAD_ERROR:yy
goog$net$jsloader$ErrorCode$TIMEOUT:xy
goog$net$jsloader$cancel_:jy
goog$net$jsloader$cleanup_:vy
goog$net$jsloader$getScriptParentElement_:zy
goog$net$jsloader$safeLoad:uy
goog$reflect$sinkValue:pa
goog$string$StringBuffer:Gb
goog$string$capitalize:kb
goog$string$internal$isEmptyOrWhitespace:Ma
goog$string$internal$trim:Na
goog$string$makeSafe:ib
goog$structs$forEach:nb
goog$structs$getKeys:mb
goog$structs$getValues:lb
goog$typeOf:q
goog$uidCounter_:ha
goog$uri$utils$parseQueryData:pb
goog$uri$utils$splitRe_:ob
goog$userAgent$GECKO:wt
goog$userAgent$IE:vt
goog$userAgent$WEBKIT:xt
hierarchy__5646__auto__$jscomp$inline_2456:KA
id$jscomp$inline_1232:ft
map__31982$jscomp$inline_2601:tw
map__31982__$1$jscomp$inline_2602:Yu
meta_merge$core$displace_QMARK_:Wg
meta_merge$core$meta_STAR_:Zt
meta_merge$core$meta_merge:cu
meta_merge$core$pick_prioritized:bu
meta_merge$core$remove_top_displace:au
meta_merge$core$replace_QMARK_:Xg
meta_merge$core$with_meta_STAR_:$t
method_cache__5644__auto__$jscomp$inline_2454:IA
method_table__5642__auto__$jscomp$inline_2452:GA
module$contents$goog$Thenable_Thenable$isImplementedBy:Yw
module$contents$goog$array_defaultCompare:eb
module$contents$goog$array_forEach:$a
module$contents$goog$array_indexOf:Za
module$contents$goog$array_some:bb
module$contents$goog$array_sort:db
module$contents$goog$array_stableSort:fb
module$contents$goog$array_toArray:cb
module$contents$goog$async$FreeList_FreeList:Zw
module$contents$goog$async$WorkQueue_WorkItem:bx
module$contents$goog$async$WorkQueue_WorkQueue:$w
module$contents$goog$async$WorkQueue_WorkQueue$freelist_:ax
module$contents$goog$async$run_initializeRunner:px
module$contents$goog$async$run_run:qx
module$contents$goog$async$run_run$processWorkQueue:rx
module$contents$goog$async$run_schedule:mx
module$contents$goog$async$run_workQueue:ox
module$contents$goog$async$run_workQueueScheduled:nx
module$contents$goog$async$throwException_throwException:lx
module$contents$goog$debug$Error_DebugError:na
module$contents$goog$labs$userAgent$browser_matchChrome:Ya
module$contents$goog$labs$userAgent$browser_matchFirefox:Wa
module$contents$goog$labs$userAgent$platform_isIos:ut
module$contents$goog$labs$userAgent$platform_isIphone:tt
module$contents$goog$labs$userAgent$util_getNativeUserAgentString:Ta
module$contents$goog$labs$userAgent$util_matchUserAgent:Ua
module$contents$goog$math$Long_Long:ra
module$contents$goog$math$Long_Long$fromBits:qa
module$contents$goog$math$Long_Long$fromNumber:sa
module$contents$goog$math$Long_Long$fromString:xa
module$contents$goog$math$Long_MAX_VALUE_:ta
module$contents$goog$math$Long_MIN_VALUE_:ua
module$contents$goog$math$Long_NEG_ONE_:Da
module$contents$goog$math$Long_ONE_:Ca
module$contents$goog$math$Long_ZERO_:wa
module$contents$goog$object_PROTOTYPE_FIELDS:Ra
module$contents$goog$object_extend:Sa
module$contents$goog$object_forEach:Oa
module$contents$goog$object_get:Qa
module$contents$goog$object_getKeys:Pa
module$node_modules$react$index:kr
module$node_modules$react_dom$index:jt
name_conflicting$jscomp$inline_2607:ww
navigator$jscomp$inline_1237:yt
no$en$core$pow:WB
no$en$core$url_decode:VB
no$en$core$url_encode:UB
opts$jscomp$inline_1231:et
opts$jscomp$inline_2600:sw
or__5045__auto__$jscomp$inline_2529:sD
or__5045__auto____$1$jscomp$inline_2532:vD
parse_fn$jscomp$inline_1234:ht
path_conflicting$jscomp$inline_2606:av
prefer_table__5643__auto__$jscomp$inline_2453:HA
raw_routes$jscomp$inline_2599:Xu
reagent$core$atom$cljs$0core$0IFn$0_invoke$0arity$01:it
reagent$dom$render$cljs$0core$0IFn$0_invoke$0arity$03:mt
reagent$dom$render_comp:lt
reagent$dom$roots:kt
reagent$impl$batching$RenderQueue:Or
reagent$impl$batching$compare_mount_order:Kr
reagent$impl$batching$enqueue:Nr
reagent$impl$batching$fake_raf:Ir
reagent$impl$batching$mount_count:Hr
reagent$impl$batching$next_tick:Jr
reagent$impl$batching$queue_render:Qr
reagent$impl$batching$ratom_flush:Lr
reagent$impl$batching$render_queue:Pr
reagent$impl$batching$run_funs:Mr
reagent$impl$component$_STAR_current_component_STAR_:ns
reagent$impl$component$built_in_static_method_names:ys
reagent$impl$component$cache_react_class:As
reagent$impl$component$camelify_map_keys:us
reagent$impl$component$cljsify:xs
reagent$impl$component$create_class:zs
reagent$impl$component$custom_wrapper:rs
reagent$impl$component$dash_to_method_name:ts
reagent$impl$component$functional_render:Cs
reagent$impl$component$functional_render_fn:Es
reagent$impl$component$functional_render_memo_fn:Ds
reagent$impl$component$functional_wrap_render:Bs
reagent$impl$component$map_to_js:ws
reagent$impl$component$obligatory:ss
reagent$impl$component$props_argv:os
reagent$impl$component$rat_opts:ms
reagent$impl$component$reagent_class_QMARK_:ps
reagent$impl$component$wrap_funs:vs
reagent$impl$component$wrap_render:qs
reagent$impl$input$_STAR_force_set_dom_value_STAR_:Gs
reagent$impl$input$input_component_set_value:Is
reagent$impl$input$input_handle_change:Js
reagent$impl$input$input_node_set_value:Hs
reagent$impl$input$input_render_setup:Ks
reagent$impl$input$input_spec:Ls
reagent$impl$input$these_inputs_have_selection_api:Fs
reagent$impl$protocols$as_element:Tr
reagent$impl$protocols$get_id:Rr
reagent$impl$protocols$make_element:Ur
reagent$impl$protocols$parse_tag:Sr
reagent$impl$template$HiccupTag:Vs
reagent$impl$template$_STAR_current_default_compiler_STAR_:dt
reagent$impl$template$cache_get:Os
reagent$impl$template$convert_custom_prop_value:Ts
reagent$impl$template$convert_prop_value:Qs
reagent$impl$template$custom_kv_conv:Ss
reagent$impl$template$custom_prop_name_cache:Rs
reagent$impl$template$expand_seq:at
reagent$impl$template$function_element:Xs
reagent$impl$template$kv_conv:Ps
reagent$impl$template$make_element:Us
reagent$impl$template$maybe_function_element:Ys
reagent$impl$template$native_element:$s
reagent$impl$template$prop_name_cache:Ns
reagent$impl$template$re_tag:Ms
reagent$impl$template$reag_element:Ws
reagent$impl$template$t_reagent$0impl$0template31099:ct
reagent$impl$template$tag_name_cache:Zs
reagent$impl$template$vec_to_elem:bt
reagent$impl$util$_STAR_always_update_STAR_:Er
reagent$impl$util$capitalize:zr
reagent$impl$util$class_names:Dr
reagent$impl$util$dash_to_prop_name:Ar
reagent$impl$util$dont_camel_case:yr
reagent$impl$util$fun_name:Br
reagent$impl$util$get_react_key:Fr
reagent$impl$util$is_client:xr
reagent$impl$util$named_QMARK_:Cr
reagent$impl$util$react_key_from_vec:Gr
reagent$ratom$RAtom:es
reagent$ratom$Reaction:hs
reagent$ratom$_STAR_ratom_context_STAR_:Xr
reagent$ratom$add_w:$r
reagent$ratom$atom:fs
reagent$ratom$deref_capture:Yr
reagent$ratom$dispose_BANG_:gs
reagent$ratom$flush_BANG_:is
reagent$ratom$handle_reaction_change:ld
reagent$ratom$make_reaction:js
reagent$ratom$notify_deref_watcher_BANG_:Zr
reagent$ratom$notify_w:bs
reagent$ratom$pr_atom:cs
reagent$ratom$rea_queue:ds
reagent$ratom$remove_w:as
reagent$ratom$run_in_reaction:ls
reagent$ratom$temp_reaction:ks
reitit$coercion$ParameterCoercion:Ov
reitit$coercion$__GT_ParameterCoercion:Pv
reitit$coercion$_compile_model:Kv
reitit$coercion$_compile_parameters:Vv
reitit$coercion$_open_model:Lv
reitit$coercion$_query_string_coercer:Nv
reitit$coercion$_request_coercer:Mv
reitit$coercion$coerce_BANG_:Wv
reitit$coercion$coerce_request:Tv
reitit$coercion$default_parameter_coercion:Qv
reitit$coercion$extract_request_format_default:Rv
reitit$coercion$request_coercer:Sv
reitit$coercion$request_coercers$cljs$0core$0IFn$0_invoke$0arity$03:Uv
reitit$core$Match:vv
reitit$core$PartialMatch:xv
reitit$core$Router$match_by_name$dyn_32035:uv
reitit$core$__GT_Match:wv
reitit$core$expand:pv
reitit$core$linear_router$cljs$0core$0IFn$0_invoke$0arity$02:zv
reitit$core$lookup_router:Bv
reitit$core$match_by_name:tv
reitit$core$match_by_path:qv
reitit$core$mixed_router:Hv
reitit$core$quarantine_router:Jv
reitit$core$single_static_path_router:Fv
reitit$core$t_reitit$0core31660:yv
reitit$core$t_reitit$0core31713:Av
reitit$core$t_reitit$0core31772:Cv
reitit$core$t_reitit$0core31836:Ev
reitit$core$t_reitit$0core31879:Gv
reitit$core$t_reitit$0core31929:Iv
reitit$core$trie_router:Dv
reitit$exception$exception:Yt
reitit$exception$fail_BANG_$cljs$0core$0IFn$0_invoke$0arity$02:Wt
reitit$exception$format_exception:Xt
reitit$frontend$easy$history:mw
reitit$frontend$easy$href:pw
reitit$frontend$easy$push_state$cljs$0core$0IFn$0_invoke$0arity$01:qw
reitit$frontend$easy$push_state$cljs$0core$0IFn$0_invoke$0arity$02:rw
reitit$frontend$easy$start_BANG_:nw
reitit$frontend$history$FragmentHistory:fw
reitit$frontend$history$Html5History:hw
reitit$frontend$history$_get_path:dw
reitit$frontend$history$_href:ew
reitit$frontend$history$_init:aw
reitit$frontend$history$_on_navigate:cw
reitit$frontend$history$_stop:bw
reitit$frontend$history$href$cljs$0core$0IFn$0_invoke$0arity$05:kw
reitit$frontend$history$ignore_anchor_click_QMARK_:gw
reitit$frontend$history$push_state$cljs$0core$0IFn$0_invoke$0arity$05:lw
reitit$frontend$history$start_BANG_$cljs$0core$0IFn$0_invoke$0arity$03:iw
reitit$frontend$history$stop_BANG_:jw
reitit$frontend$match__GT_path$cljs$0core$0IFn$0_invoke$0arity$03:Yv
reitit$frontend$match_by_name_BANG_$cljs$0core$0IFn$0_invoke$0arity$03:$v
reitit$frontend$match_by_path$cljs$0core$0IFn$0_invoke$0arity$03:Zv
reitit$frontend$query_params:Xv
reitit$impl$__GT_wild_route_QMARK_:Qu
reitit$impl$_copy_meta:Mu
reitit$impl$_match:Ku
reitit$impl$_path_vals:Lu
reitit$impl$accumulate:Ou
reitit$impl$compile_routes:fv
reitit$impl$conflicting_paths:bv
reitit$impl$fast_get:iv
reitit$impl$find_names:ev
reitit$impl$form_encode:kv
reitit$impl$into_string:lv
reitit$impl$map_data:Tu
reitit$impl$maybe_map_values:Ru
reitit$impl$maybe_url_decode:jv
reitit$impl$merge_data:Vu
reitit$impl$meta_merge:Uu
reitit$impl$name_conflicting_routes:cv
reitit$impl$parse:Pu
reitit$impl$path_conflicting_routes:Zu
reitit$impl$path_for:hv
reitit$impl$path_params:mv
reitit$impl$path_update:Nu
reitit$impl$query_parameter:nv
reitit$impl$query_string:ov
reitit$impl$resolve_routes:Wu
reitit$impl$uncompile_routes:gv
reitit$impl$unresolved_conflicts:$u
reitit$impl$walk:Su
reitit$trie$CatchAll:fu
reitit$trie$Match:gu
reitit$trie$Node:hu
reitit$trie$Wild:eu
reitit$trie$_insert:yu
reitit$trie$_keyword:ru
reitit$trie$_node:xu
reitit$trie$_path_matcher:ou
reitit$trie$_slice_end:vu
reitit$trie$_slice_start:uu
reitit$trie$assoc_param:pu
reitit$trie$catch_all_matcher:mu
reitit$trie$common_prefix:qu
reitit$trie$compile$cljs$0core$0IFn$0_invoke$0arity$02:Iu
reitit$trie$compile$cljs$0core$0IFn$0_invoke$0arity$03:Ju
reitit$trie$conflicting_parts_QMARK_:wu
reitit$trie$data_matcher:ju
reitit$trie$decode:zu
reitit$trie$depth:nf
reitit$trie$insert$cljs$0core$0IFn$0_invoke$0arity$04:Hu
reitit$trie$into_set:du
reitit$trie$join_path:tu
reitit$trie$length:of
reitit$trie$linear_matcher:nu
reitit$trie$map_parameters:Gu
reitit$trie$match:iu
reitit$trie$split_path:su
reitit$trie$static_matcher:ku
reitit$trie$t_reitit$0trie28976:Fu
reitit$trie$t_reitit$0trie28982:Au
reitit$trie$t_reitit$0trie28987:Bu
reitit$trie$t_reitit$0trie28995:Cu
reitit$trie$t_reitit$0trie29021:Du
reitit$trie$t_reitit$0trie29032:Eu
reitit$trie$wild_matcher:lu
rhex$jscomp$inline_1630:vz
router$jscomp$inline_2603:uw
router__$1$jscomp$inline_2611:Aw
routes$jscomp$inline_2605:dv
shadow$js$files:gr
shadow$js$jsRequire:jr
shadow$js$nativeProvides:hr
shadow$js$requireStack:ir
temp__5804__auto__$jscomp$inline_1934:oD
temp__5804__auto__$jscomp$inline_2552:nt
temp__5804__auto___32269$jscomp$inline_2612:Bw
temp__5804__auto___32271$jscomp$inline_2613:Cw
wilds_QMARK_$jscomp$inline_2609:yw
